// Jest Snapshot v1, https://goo.gl/fbAQLP

exports[`ReservationForm renders ReservationForm correctly 1`] = `
<DocumentFragment>
  <div
    class="sc-ivxoEo iWLGna"
  >
    <div
      class="sc-kLhKbu hLdHSt"
    >
      <img
        alt="LogoIcon"
        class="sc-ghWlax PpljU"
        draggable="false"
        src="purple-logo-1.png"
      />
      <div
        class="sc-keTIit ebgsRv"
      >
        <span
          class="title"
        >
          Book your stay right now!
        </span>
        <input
          class="sc-cHqXqK bDCfsr"
          placeholder="Destination..."
          type="text"
          value=""
        />
        <div
          class="sc-ixGGxD fIfkgl"
        >
          <div
            class="sc-khLCKb hbTuwv"
            data-testid="first-date-calendar-dataid"
          >
            <span>
              07/13/2024
            </span>
          </div>
          <div
            class="sc-khLCKb hbTuwv"
            data-testid="second-date-calendar-dataid"
          >
            <span>
              07/16/2024
            </span>
          </div>
        </div>
        <div
          class="sc-ixGGxD fIfkgl"
        >
          <div
            class="sc-gtLWhw huIhFK"
            data-testid="adult-dropdown"
          >
            <div
              class="sc-egkSDF dZGpLF"
            >
              <span>
                2 adults
              </span>
              <img
                alt="ArrowIcon"
                class="sc-fAUdSK coLSHR"
                src="arrow.svg"
              />
            </div>
          </div>
          <div
            class="sc-gtLWhw huIhFK"
            data-testid="children-dropdown"
          >
            <div
              class="sc-egkSDF dZGpLF"
            >
              <span>
                No children
              </span>
              <img
                alt="ArrowIcon"
                class="sc-fAUdSK coLSHR"
                src="arrow.svg"
              />
            </div>
          </div>
        </div>
      </div>
      <div
        class="sc-dpBQxM cOkFAy"
      >
        <button
          class="sc-blHHSb eFuhzq"
          color="#5F259E"
          colorhover="#451B74"
          labelcolor="#FFFFFF"
          type="button"
          width=""
        >
          <span>
            Confirm
          </span>
        </button>
      </div>
    </div>
  </div>
</DocumentFragment>
`;
